[0m14:21:34.228067 [debug] [MainThread]: Sending event: {'category': 'dbt', 'action': 'invocation', 'label': 'start', 'context': [<snowplow_tracker.self_describing_json.SelfDescribingJson object at 0x000001524957CDD0>, <snowplow_tracker.self_describing_json.SelfDescribingJson object at 0x000001524957CDA0>, <snowplow_tracker.self_describing_json.SelfDescribingJson object at 0x000001524957FD70>]}


============================== 14:21:34.250899 | ef5abfa9-7ecb-4689-98dc-1ff5730204da ==============================
[0m14:21:34.250899 [info ] [MainThread]: Running with dbt=1.12.5
[0m14:21:34.250899 [debug] [MainThread]: running dbt with arguments {'maximum_seed_size_mib': '1', 'no_print': 'None', 'static_parser': 'True', 'target_path': 'None', 'warn_error_options': 'WarnErrorOptionsV2(error=[], warn=[], silence=[])', 'version_check': 'True', 'printer_width': '80', 'write_json': 'True', 'introspect': 'True', 'log_cache_events': 'False', 'empty': 'None', 'cache_selected_only': 'False', 'fail_fast': 'False', 'debug': 'False', 'log_format': 'default', 'profiles_dir': 'C:\\Users\\mayur\\.dbt', 'send_anonymous_usage_stats': 'True', 'quiet': 'False', 'warn_error': 'None', 'partial_parse': 'True', 'indirect_selection': 'eager', 'hints_enabled': 'True', 'use_colors': 'True', 'use_experimental_parser': 'False', 'invocation_command': 'dbt init dq_pipeline', 'log_path': 'logs'}
[0m14:21:34.330777 [info ] [MainThread]: Creating dbt configuration folder at C:\Users\mayur\.dbt
[0m14:21:34.338497 [debug] [MainThread]: Starter project path: C:\Users\mayur\Projects\data-quality-framework\venv\Lib\site-packages\dbt\include\starter_project
[0m14:21:34.371978 [info ] [MainThread]: Setting up your profile.
[0m14:24:00.117453 [info ] [MainThread]: Profile dq_pipeline written to C:\Users\mayur\.dbt\profiles.yml using target's profile_template.yml and your supplied values.
[0m14:24:00.130050 [info ] [MainThread]: Running dbt debug to validate the project...
[0m14:24:00.131218 [info ] [MainThread]: dbt version: 1.12.5
[0m14:24:00.133314 [info ] [MainThread]: python version: 3.12.10
[0m14:24:00.133314 [info ] [MainThread]: python path: C:\Users\mayur\Projects\data-quality-framework\venv\Scripts\python.exe
[0m14:24:00.135001 [info ] [MainThread]: os info: Windows-11-10.0.26200-SP0
[0m14:24:00.219428 [info ] [MainThread]: Using profiles dir at C:\Users\mayur\.dbt
[0m14:24:00.219428 [info ] [MainThread]: Using profiles.yml file at C:\Users\mayur\.dbt\profiles.yml
[0m14:24:00.219428 [info ] [MainThread]: Using dbt_project.yml file at C:\Users\mayur\Projects\data-quality-framework\dq_pipeline\dbt_project.yml
[0m14:24:00.219428 [info ] [MainThread]: adapter type: postgres
[0m14:24:00.227091 [info ] [MainThread]: adapter version: 1.11.0
[0m14:24:00.556203 [info ] [MainThread]: Configuration:
[0m14:24:00.558230 [info ] [MainThread]:   profiles.yml file [[32mOK found and valid[0m]
[0m14:24:00.560246 [info ] [MainThread]:   dbt_project.yml file [[32mOK found and valid[0m]
[0m14:24:00.561377 [info ] [MainThread]: Required dependencies:
[0m14:24:00.563393 [debug] [MainThread]: Executing "git --help"
[0m14:24:00.724634 [debug] [MainThread]: STDOUT: "b"usage: git [-v | --version] [-h | --help] [-C <path>] [-c <name>=<value>]\n           [--exec-path[=<path>]] [--html-path] [--man-path] [--info-path]\n           [-p | --paginate | -P | --no-pager] [--no-replace-objects] [--no-lazy-fetch]\n           [--no-optional-locks] [--no-advice] [--bare] [--git-dir=<path>]\n           [--work-tree=<path>] [--namespace=<name>] [--config-env=<name>=<envvar>]\n           <command> [<args>]\n\nThese are common Git commands used in various situations:\n\nstart a working area (see also: git help tutorial)\n   clone      Clone a repository into a new directory\n   init       Create an empty Git repository or reinitialize an existing one\n\nwork on the current change (see also: git help everyday)\n   add        Add file contents to the index\n   mv         Move or rename a file, a directory, or a symlink\n   restore    Restore working tree files\n   rm         Remove files from the working tree and from the index\n\nexamine the history and state (see also: git help revisions)\n   bisect     Use binary search to find the commit that introduced a bug\n   diff       Show changes between commits, commit and working tree, etc\n   grep       Print lines matching a pattern\n   log        Show commit logs\n   show       Show various types of objects\n   status     Show the working tree status\n\ngrow, mark and tweak your common history\n   backfill   Download missing objects in a partial clone\n   branch     List, create, or delete branches\n   commit     Record changes to the repository\n   history    EXPERIMENTAL: Rewrite history\n   merge      Join two or more development histories together\n   rebase     Reapply commits on top of another base tip\n   reset      Set `HEAD` or the index to a known state\n   switch     Switch branches\n   tag        Create, list, delete or verify tags\n\ncollaborate (see also: git help workflows)\n   fetch      Download objects and refs from another repository\n   pull       Fetch from and integrate with another repository or a local branch\n   push       Update remote refs along with associated objects\n\n'git help -a' and 'git help -g' list available subcommands and some\nconcept guides. See 'git help <command>' or 'git help <concept>'\nto read about a specific subcommand or concept.\nSee 'git help git' for an overview of the system.\n""
[0m14:24:00.724634 [debug] [MainThread]: STDERR: "b''"
[0m14:24:00.724634 [info ] [MainThread]:  - git [[32mOK found[0m]

[0m14:24:00.724634 [info ] [MainThread]: Connection:
[0m14:24:00.740276 [info ] [MainThread]:   host: localhost
[0m14:24:00.740276 [info ] [MainThread]:   port: 5432
[0m14:24:00.740276 [info ] [MainThread]:   user: SimplePassword123
[0m14:24:00.740276 [info ] [MainThread]:   database: dq_framework_test
[0m14:24:00.740276 [info ] [MainThread]:   schema: public
[0m14:24:00.740276 [info ] [MainThread]:   connect_timeout: 10
[0m14:24:00.740276 [info ] [MainThread]:   role: None
[0m14:24:00.740276 [info ] [MainThread]:   search_path: None
[0m14:24:00.740276 [info ] [MainThread]:   keepalives_idle: 0
[0m14:24:00.740276 [info ] [MainThread]:   sslmode: None
[0m14:24:00.740276 [info ] [MainThread]:   sslcert: None
[0m14:24:00.747626 [info ] [MainThread]:   sslkey: None
[0m14:24:00.748638 [info ] [MainThread]:   sslrootcert: None
[0m14:24:00.748638 [info ] [MainThread]:   application_name: dbt
[0m14:24:00.748638 [info ] [MainThread]:   autocommit: False
[0m14:24:00.748638 [info ] [MainThread]:   retries: 1
[0m14:24:00.751792 [info ] [MainThread]: Registered adapter: postgres=1.11.0
[0m14:24:01.220489 [debug] [MainThread]: Acquiring new postgres connection 'debug'
[0m14:24:01.483056 [debug] [MainThread]: Using postgres connection "debug"
[0m14:24:01.483056 [debug] [MainThread]: On debug: select 1 as id
[0m14:24:01.483056 [debug] [MainThread]: Opening a new connection, currently in state init
[0m14:24:01.672601 [debug] [MainThread]: Postgres adapter: Got a retryable error when attempting to open a postgres connection.
1 attempts remaining. Retrying in 0 seconds.
Error:
connection to server at "localhost" (::1), port 5432 failed: FATAL:  password authentication failed for user "SimplePassword123"

[0m14:24:01.732910 [debug] [MainThread]: Postgres adapter: Error running SQL: select 1 as id
[0m14:24:01.732910 [debug] [MainThread]: Postgres adapter: Rolling back transaction.
[0m14:24:01.732910 [debug] [MainThread]: On debug: No close available on handle
[0m14:24:01.732910 [info ] [MainThread]:   Connection test: [[31mERROR[0m]

[0m14:24:01.732910 [info ] [MainThread]: [31m1 check failed:[0m
[0m14:24:01.732910 [info ] [MainThread]: dbt was unable to connect to the specified database.
The database returned the following error:

  >Database Error
  connection to server at "localhost" (::1), port 5432 failed: FATAL:  password authentication failed for user "SimplePassword123"
  

Check your database credentials and try again. For more information, visit:
https://docs.getdbt.com/docs/configure-your-profile


[0m14:24:01.732910 [info ] [MainThread]: Your new dbt project "dq_pipeline" was created!
Initialized new project in C:\Users\mayur\Projects\data-quality-framework\dq_pipeline\dq_pipeline

For more information on how to configure the profiles.yml file,
please consult the dbt documentation here:

  https://docs.getdbt.com/docs/configure-your-profile

One more thing:

Need help? Don't hesitate to reach out to us via GitHub issues or on Slack:

  https://community.getdbt.com/

Happy modeling!

[0m14:24:01.732910 [info ] [MainThread]: [31mYour profile may need adjustments. You can find the logs of `dbt debug` above[0m
[0m14:24:01.742162 [debug] [MainThread]: Command `dbt init` succeeded at 14:24:01.742162 after 147.84 seconds
[0m14:24:01.742162 [debug] [MainThread]: Connection 'debug' was properly closed.
[0m14:24:01.744180 [debug] [MainThread]: Sending event: {'category': 'dbt', 'action': 'invocation', 'label': 'end', 'context': [<snowplow_tracker.self_describing_json.SelfDescribingJson object at 0x000001524954A7B0>, <snowplow_tracker.self_describing_json.SelfDescribingJson object at 0x000001524957CDA0>, <snowplow_tracker.self_describing_json.SelfDescribingJson object at 0x000001524AF0EFF0>]}
[0m14:24:01.745049 [debug] [MainThread]: Flushing usage events
[0m14:24:02.850004 [debug] [MainThread]: An error was encountered while trying to flush usage events
[0m14:24:32.321903 [debug] [MainThread]: Sending event: {'category': 'dbt', 'action': 'invocation', 'label': 'start', 'context': [<snowplow_tracker.self_describing_json.SelfDescribingJson object at 0x00000252053E3500>, <snowplow_tracker.self_describing_json.SelfDescribingJson object at 0x0000025204F92DE0>, <snowplow_tracker.self_describing_json.SelfDescribingJson object at 0x000002520521EDB0>]}


============================== 14:24:32.321903 | 61c1f331-e253-4e55-8a8a-3b9f305cf5f2 ==============================
[0m14:24:32.321903 [info ] [MainThread]: Running with dbt=1.12.5
[0m14:24:32.337591 [debug] [MainThread]: running dbt with arguments {'static_parser': 'True', 'no_print': 'None', 'maximum_seed_size_mib': '1', 'warn_error_options': 'WarnErrorOptionsV2(error=[], warn=[], silence=[])', 'version_check': 'True', 'target_path': 'None', 'printer_width': '80', 'write_json': 'True', 'empty': 'None', 'log_cache_events': 'False', 'introspect': 'True', 'cache_selected_only': 'False', 'log_format': 'default', 'debug': 'False', 'fail_fast': 'False', 'partial_parse': 'True', 'send_anonymous_usage_stats': 'True', 'quiet': 'False', 'warn_error': 'None', 'profiles_dir': 'C:\\Users\\mayur\\.dbt', 'invocation_command': 'dbt init dq_pipeline', 'hints_enabled': 'True', 'indirect_selection': 'eager', 'use_experimental_parser': 'False', 'use_colors': 'True', 'log_path': 'logs'}
[0m14:24:32.359215 [info ] [MainThread]: A project called dq_pipeline already exists here.
[0m14:24:32.361647 [debug] [MainThread]: Command `dbt init` succeeded at 14:24:32.361647 after 0.34 seconds
[0m14:24:32.361647 [debug] [MainThread]: Sending event: {'category': 'dbt', 'action': 'invocation', 'label': 'end', 'context': [<snowplow_tracker.self_describing_json.SelfDescribingJson object at 0x0000025206F9F860>, <snowplow_tracker.self_describing_json.SelfDescribingJson object at 0x000002520553F620>, <snowplow_tracker.self_describing_json.SelfDescribingJson object at 0x00000252053AD0A0>]}
[0m14:24:32.363371 [debug] [MainThread]: Flushing usage events
[0m14:24:33.231405 [debug] [MainThread]: An error was encountered while trying to flush usage events
[0m14:27:52.928073 [debug] [MainThread]: Sending event: {'category': 'dbt', 'action': 'invocation', 'label': 'start', 'context': [<snowplow_tracker.self_describing_json.SelfDescribingJson object at 0x0000028D3985AD80>, <snowplow_tracker.self_describing_json.SelfDescribingJson object at 0x0000028D3775FB90>, <snowplow_tracker.self_describing_json.SelfDescribingJson object at 0x0000028D35BA3650>]}


============================== 14:27:52.943796 | d99b5656-b55b-45da-afe9-c553bf30b844 ==============================
[0m14:27:52.943796 [info ] [MainThread]: Running with dbt=1.12.5
[0m14:27:52.943796 [debug] [MainThread]: running dbt with arguments {'static_parser': 'True', 'no_print': 'None', 'version_check': 'True', 'target_path': 'None', 'warn_error_options': 'WarnErrorOptionsV2(error=[], warn=[], silence=[])', 'maximum_seed_size_mib': '1', 'printer_width': '80', 'write_json': 'True', 'empty': 'None', 'log_cache_events': 'False', 'introspect': 'True', 'cache_selected_only': 'False', 'fail_fast': 'False', 'debug': 'False', 'log_format': 'default', 'profiles_dir': 'C:\\Users\\mayur\\.dbt', 'send_anonymous_usage_stats': 'True', 'quiet': 'False', 'warn_error': 'None', 'partial_parse': 'True', 'invocation_command': 'dbt debug', 'hints_enabled': 'True', 'use_colors': 'True', 'use_experimental_parser': 'False', 'indirect_selection': 'eager', 'log_path': 'logs'}
[0m14:27:52.967762 [info ] [MainThread]: dbt version: 1.12.5
[0m14:27:52.967762 [info ] [MainThread]: python version: 3.12.10
[0m14:27:52.967762 [info ] [MainThread]: python path: C:\Users\mayur\Projects\data-quality-framework\venv\Scripts\python.exe
[0m14:27:52.967762 [info ] [MainThread]: os info: Windows-11-10.0.26200-SP0
[0m14:27:53.093090 [info ] [MainThread]: Using profiles dir at C:\Users\mayur\.dbt
[0m14:27:53.095101 [info ] [MainThread]: Using profiles.yml file at C:\Users\mayur\.dbt\profiles.yml
[0m14:27:53.095101 [info ] [MainThread]: Using dbt_project.yml file at C:\Users\mayur\Projects\data-quality-framework\dbt_project.yml
[0m14:27:53.095101 [info ] [MainThread]: adapter type: postgres
[0m14:27:53.095101 [info ] [MainThread]: adapter version: 1.11.0
[0m14:27:53.095101 [info ] [MainThread]: Configuration:
[0m14:27:53.095101 [info ] [MainThread]:   profiles.yml file [[32mOK found and valid[0m]
[0m14:27:53.095101 [info ] [MainThread]:   dbt_project.yml file [[31mERROR not found[0m]
[0m14:27:53.095101 [info ] [MainThread]: Required dependencies:
[0m14:27:53.095101 [debug] [MainThread]: Executing "git --help"
[0m14:27:53.280183 [debug] [MainThread]: STDOUT: "b"usage: git [-v | --version] [-h | --help] [-C <path>] [-c <name>=<value>]\n           [--exec-path[=<path>]] [--html-path] [--man-path] [--info-path]\n           [-p | --paginate | -P | --no-pager] [--no-replace-objects] [--no-lazy-fetch]\n           [--no-optional-locks] [--no-advice] [--bare] [--git-dir=<path>]\n           [--work-tree=<path>] [--namespace=<name>] [--config-env=<name>=<envvar>]\n           <command> [<args>]\n\nThese are common Git commands used in various situations:\n\nstart a working area (see also: git help tutorial)\n   clone      Clone a repository into a new directory\n   init       Create an empty Git repository or reinitialize an existing one\n\nwork on the current change (see also: git help everyday)\n   add        Add file contents to the index\n   mv         Move or rename a file, a directory, or a symlink\n   restore    Restore working tree files\n   rm         Remove files from the working tree and from the index\n\nexamine the history and state (see also: git help revisions)\n   bisect     Use binary search to find the commit that introduced a bug\n   diff       Show changes between commits, commit and working tree, etc\n   grep       Print lines matching a pattern\n   log        Show commit logs\n   show       Show various types of objects\n   status     Show the working tree status\n\ngrow, mark and tweak your common history\n   backfill   Download missing objects in a partial clone\n   branch     List, create, or delete branches\n   commit     Record changes to the repository\n   history    EXPERIMENTAL: Rewrite history\n   merge      Join two or more development histories together\n   rebase     Reapply commits on top of another base tip\n   reset      Set `HEAD` or the index to a known state\n   switch     Switch branches\n   tag        Create, list, delete or verify tags\n\ncollaborate (see also: git help workflows)\n   fetch      Download objects and refs from another repository\n   pull       Fetch from and integrate with another repository or a local branch\n   push       Update remote refs along with associated objects\n\n'git help -a' and 'git help -g' list available subcommands and some\nconcept guides. See 'git help <command>' or 'git help <concept>'\nto read about a specific subcommand or concept.\nSee 'git help git' for an overview of the system.\n""
[0m14:27:53.287139 [debug] [MainThread]: STDERR: "b''"
[0m14:27:53.287139 [info ] [MainThread]:  - git [[32mOK found[0m]

[0m14:27:53.289149 [info ] [MainThread]: Connection:
[0m14:27:53.289149 [info ] [MainThread]:   host: localhost
[0m14:27:53.289149 [info ] [MainThread]:   port: 5432
[0m14:27:53.289149 [info ] [MainThread]:   user: postgres
[0m14:27:53.289149 [info ] [MainThread]:   database: dq_framework_test
[0m14:27:53.289149 [info ] [MainThread]:   schema: public
[0m14:27:53.289149 [info ] [MainThread]:   connect_timeout: 10
[0m14:27:53.289149 [info ] [MainThread]:   role: None
[0m14:27:53.289149 [info ] [MainThread]:   search_path: None
[0m14:27:53.294977 [info ] [MainThread]:   keepalives_idle: 0
[0m14:27:53.297135 [info ] [MainThread]:   sslmode: None
[0m14:27:53.298381 [info ] [MainThread]:   sslcert: None
[0m14:27:53.298381 [info ] [MainThread]:   sslkey: None
[0m14:27:53.300206 [info ] [MainThread]:   sslrootcert: None
[0m14:27:53.302212 [info ] [MainThread]:   application_name: dbt
[0m14:27:53.303215 [info ] [MainThread]:   autocommit: False
[0m14:27:53.303215 [info ] [MainThread]:   retries: 1
[0m14:27:53.305225 [info ] [MainThread]: Registered adapter: postgres=1.11.0
[0m14:27:53.631501 [debug] [MainThread]: Acquiring new postgres connection 'debug'
[0m14:27:53.691281 [debug] [MainThread]: Using postgres connection "debug"
[0m14:27:53.691281 [debug] [MainThread]: On debug: select 1 as id
[0m14:27:53.691281 [debug] [MainThread]: Opening a new connection, currently in state init
[0m14:27:53.913678 [debug] [MainThread]: SQL status: SELECT 1 in 0.215 seconds
[0m14:27:53.920960 [debug] [MainThread]: On debug: Close
[0m14:27:53.922985 [info ] [MainThread]:   Connection test: [[32mOK connection ok[0m]

[0m14:27:53.925007 [info ] [MainThread]: [31m1 check failed:[0m
[0m14:27:53.925007 [info ] [MainThread]: Project loading failed for the following reason:
 project path <C:\Users\mayur\Projects\data-quality-framework\dbt_project.yml> not found

[0m14:27:53.927866 [debug] [MainThread]: Command `dbt debug` failed at 14:27:53.927866 after 1.23 seconds
[0m14:27:53.929610 [debug] [MainThread]: Connection 'debug' was properly closed.
[0m14:27:53.931630 [debug] [MainThread]: Sending event: {'category': 'dbt', 'action': 'invocation', 'label': 'end', 'context': [<snowplow_tracker.self_describing_json.SelfDescribingJson object at 0x0000028D39FA8A40>, <snowplow_tracker.self_describing_json.SelfDescribingJson object at 0x0000028D3985AD80>, <snowplow_tracker.self_describing_json.SelfDescribingJson object at 0x0000028D37C76C60>]}
[0m14:27:53.931630 [debug] [MainThread]: Flushing usage events
[0m14:27:54.882853 [debug] [MainThread]: An error was encountered while trying to flush usage events
